CRITICAL:root:critical
ERROR:root:error
WARNING:root:warning
INFO:root:info
CRITICAL:root:critical
ERROR:root:error
WARNING:root:warning
INFO:root:info
CRITICAL:root:critical
ERROR:root:error
WARNING:root:warning
INFO:root:info
CRITICAL:root:critical
ERROR:root:error
WARNING:root:warning
